Archive member included to satisfy reference by file (symbol)

C:/Users/work/year2/Digital_Elec/STM32CubeIDE_1.13.2/STM32CubeIDE/plugins/com.st.stm32cube.ide.mcu.externaltools.gnu-tools-for-stm32.12.3.rel1.win32_1.0.100.202403111256/tools/bin/../lib/gcc/arm-none-eabi/12.3.1/../../../../arm-none-eabi/lib/thumb/v7e-m+fp/hard\libc_nano.a(libc_a-exit.o)
                              C:/Users/work/year2/Digital_Elec/STM32CubeIDE_1.13.2/STM32CubeIDE/plugins/com.st.stm32cube.ide.mcu.externaltools.gnu-tools-for-stm32.12.3.rel1.win32_1.0.100.202403111256/tools/bin/../lib/gcc/arm-none-eabi/12.3.1/../../../../arm-none-eabi/lib/thumb/v7e-m+fp/hard/crt0.o (exit)
C:/Users/work/year2/Digital_Elec/STM32CubeIDE_1.13.2/STM32CubeIDE/plugins/com.st.stm32cube.ide.mcu.externaltools.gnu-tools-for-stm32.12.3.rel1.win32_1.0.100.202403111256/tools/bin/../lib/gcc/arm-none-eabi/12.3.1/../../../../arm-none-eabi/lib/thumb/v7e-m+fp/hard\libc_nano.a(libc_a-findfp.o)
                              C:/Users/work/year2/Digital_Elec/STM32CubeIDE_1.13.2/STM32CubeIDE/plugins/com.st.stm32cube.ide.mcu.externaltools.gnu-tools-for-stm32.12.3.rel1.win32_1.0.100.202403111256/tools/bin/../lib/gcc/arm-none-eabi/12.3.1/../../../../arm-none-eabi/lib/thumb/v7e-m+fp/hard\libc_nano.a(libc_a-exit.o) (__stdio_exit_handler)
C:/Users/work/year2/Digital_Elec/STM32CubeIDE_1.13.2/STM32CubeIDE/plugins/com.st.stm32cube.ide.mcu.externaltools.gnu-tools-for-stm32.12.3.rel1.win32_1.0.100.202403111256/tools/bin/../lib/gcc/arm-none-eabi/12.3.1/../../../../arm-none-eabi/lib/thumb/v7e-m+fp/hard\libc_nano.a(libc_a-fwalk.o)
                              C:/Users/work/year2/Digital_Elec/STM32CubeIDE_1.13.2/STM32CubeIDE/plugins/com.st.stm32cube.ide.mcu.externaltools.gnu-tools-for-stm32.12.3.rel1.win32_1.0.100.202403111256/tools/bin/../lib/gcc/arm-none-eabi/12.3.1/../../../../arm-none-eabi/lib/thumb/v7e-m+fp/hard\libc_nano.a(libc_a-findfp.o) (_fwalk_sglue)
C:/Users/work/year2/Digital_Elec/STM32CubeIDE_1.13.2/STM32CubeIDE/plugins/com.st.stm32cube.ide.mcu.externaltools.gnu-tools-for-stm32.12.3.rel1.win32_1.0.100.202403111256/tools/bin/../lib/gcc/arm-none-eabi/12.3.1/../../../../arm-none-eabi/lib/thumb/v7e-m+fp/hard\libc_nano.a(libc_a-stdio.o)
                              C:/Users/work/year2/Digital_Elec/STM32CubeIDE_1.13.2/STM32CubeIDE/plugins/com.st.stm32cube.ide.mcu.externaltools.gnu-tools-for-stm32.12.3.rel1.win32_1.0.100.202403111256/tools/bin/../lib/gcc/arm-none-eabi/12.3.1/../../../../arm-none-eabi/lib/thumb/v7e-m+fp/hard\libc_nano.a(libc_a-findfp.o) (__sread)
C:/Users/work/year2/Digital_Elec/STM32CubeIDE_1.13.2/STM32CubeIDE/plugins/com.st.stm32cube.ide.mcu.externaltools.gnu-tools-for-stm32.12.3.rel1.win32_1.0.100.202403111256/tools/bin/../lib/gcc/arm-none-eabi/12.3.1/../../../../arm-none-eabi/lib/thumb/v7e-m+fp/hard\libc_nano.a(libc_a-memset.o)
                              C:/Users/work/year2/Digital_Elec/STM32CubeIDE_1.13.2/STM32CubeIDE/plugins/com.st.stm32cube.ide.mcu.externaltools.gnu-tools-for-stm32.12.3.rel1.win32_1.0.100.202403111256/tools/bin/../lib/gcc/arm-none-eabi/12.3.1/../../../../arm-none-eabi/lib/thumb/v7e-m+fp/hard/crt0.o (memset)
C:/Users/work/year2/Digital_Elec/STM32CubeIDE_1.13.2/STM32CubeIDE/plugins/com.st.stm32cube.ide.mcu.externaltools.gnu-tools-for-stm32.12.3.rel1.win32_1.0.100.202403111256/tools/bin/../lib/gcc/arm-none-eabi/12.3.1/../../../../arm-none-eabi/lib/thumb/v7e-m+fp/hard\libc_nano.a(libc_a-closer.o)
                              C:/Users/work/year2/Digital_Elec/STM32CubeIDE_1.13.2/STM32CubeIDE/plugins/com.st.stm32cube.ide.mcu.externaltools.gnu-tools-for-stm32.12.3.rel1.win32_1.0.100.202403111256/tools/bin/../lib/gcc/arm-none-eabi/12.3.1/../../../../arm-none-eabi/lib/thumb/v7e-m+fp/hard\libc_nano.a(libc_a-stdio.o) (_close_r)
C:/Users/work/year2/Digital_Elec/STM32CubeIDE_1.13.2/STM32CubeIDE/plugins/com.st.stm32cube.ide.mcu.externaltools.gnu-tools-for-stm32.12.3.rel1.win32_1.0.100.202403111256/tools/bin/../lib/gcc/arm-none-eabi/12.3.1/../../../../arm-none-eabi/lib/thumb/v7e-m+fp/hard\libc_nano.a(libc_a-reent.o)
                              C:/Users/work/year2/Digital_Elec/STM32CubeIDE_1.13.2/STM32CubeIDE/plugins/com.st.stm32cube.ide.mcu.externaltools.gnu-tools-for-stm32.12.3.rel1.win32_1.0.100.202403111256/tools/bin/../lib/gcc/arm-none-eabi/12.3.1/../../../../arm-none-eabi/lib/thumb/v7e-m+fp/hard\libc_nano.a(libc_a-closer.o) (errno)
C:/Users/work/year2/Digital_Elec/STM32CubeIDE_1.13.2/STM32CubeIDE/plugins/com.st.stm32cube.ide.mcu.externaltools.gnu-tools-for-stm32.12.3.rel1.win32_1.0.100.202403111256/tools/bin/../lib/gcc/arm-none-eabi/12.3.1/../../../../arm-none-eabi/lib/thumb/v7e-m+fp/hard\libc_nano.a(libc_a-impure.o)
[...]
Memory Configuration

Name             Origin             Length             Attributes
RAM              0x20000000         0x00020000         xrw
FLASH            0x08000000         0x00080000         xr
*default*        0x00000000         0xffffffff

Linker script and memory map

LOAD C:/Users/work/year2/Digital_Elec/STM32CubeIDE_1.13.2/STM32CubeIDE/plugins/com.st.stm32cube.ide.mcu.externaltools.gnu-tools-for-stm32.12.3.rel1.win32_1.0.100.202403111256/tools/bin/../lib/gcc/arm-none-eabi/12.3.1/thumb/v7e-m+fp/hard/crti.o
LOAD C:/Users/work/year2/Digital_Elec/STM32CubeIDE_1.13.2/STM32CubeIDE/plugins/com.st.stm32cube.ide.mcu.externaltools.gnu-tools-for-stm32.12.3.rel1.win32_1.0.100.202403111256/tools/bin/../lib/gcc/arm-none-eabi/12.3.1/thumb/v7e-m+fp/hard/crtbegin.o
LOAD C:/Users/work/year2/Digital_Elec/STM32CubeIDE_1.13.2/STM32CubeIDE/plugins/com.st.stm32cube.ide.mcu.externaltools.gnu-tools-for-stm32.12.3.rel1.win32_1.0.100.202403111256/tools/bin/../lib/gcc/arm-none-eabi/12.3.1/../../../../arm-none-eabi/lib/thumb/v7e-m+fp/hard/crt0.o
LOAD ./Core/Src/main.o
LOAD ./Core/Src/stm32g4xx_hal_msp.o
LOAD ./Core/Src/stm32g4xx_it.o
LOAD ./Core/Src/syscalls.o
LOAD ./Core/Src/sysmem.o
LOAD ./Core/Src/system_stm32g4xx.o
LOAD ./Core/Startup/startup_stm32g474retx.o
LOAD ./Drivers/STM32G4xx_HAL_Driver/Src/stm32g4xx_hal.o
LOAD ./Drivers/STM32G4xx_HAL_Driver/Src/stm32g4xx_hal_cortex.o
LOAD ./Drivers/STM32G4xx_HAL_Driver/Src/stm32g4xx_hal_dma.o
LOAD ./Drivers/STM32G4xx_HAL_Driver/Src/stm32g4xx_hal_dma_ex.o
LOAD ./Drivers/STM32G4xx_HAL_Driver/Src/stm32g4xx_hal_exti.o
LOAD ./Drivers/STM32G4xx_HAL_Driver/Src/stm32g4xx_hal_flash.o
LOAD ./Drivers/STM32G4xx_HAL_Driver/Src/stm32g4xx_hal_flash_ex.o
LOAD ./Drivers/STM32G4xx_HAL_Driver/Src/stm32g4xx_hal_flash_ramfunc.o
LOAD ./Drivers/STM32G4xx_HAL_Driver/Src/stm32g4xx_hal_gpio.o
LOAD ./Drivers/STM32G4xx_HAL_Driver/Src/stm32g4xx_hal_pwr.o
LOAD ./Drivers/STM32G4xx_HAL_Driver/Src/stm32g4xx_hal_pwr_ex.o
LOAD ./Drivers/STM32G4xx_HAL_Driver/Src/stm32g4xx_hal_rcc.o
LOAD ./Drivers/STM32G4xx_HAL_Driver/Src/stm32g4xx_hal_rcc_ex.o
LOAD ./Drivers/STM32G4xx_HAL_Driver/Src/stm32g4xx_hal_tim.o
LOAD ./Drivers/STM32G4xx_HAL_Driver/Src/stm32g4xx_hal_tim_ex.o
LOAD ./Drivers/STM32G4xx_HAL_Driver/Src/stm32g4xx_hal_uart.o
LOAD ./Drivers/STM32G4xx_HAL_Driver/Src/stm32g4xx_hal_uart_ex.o
START GROUP
LOAD C:/Users/work/year2/Digital_Elec/STM32CubeIDE_1.13.2/STM32CubeIDE/plugins/com.st.stm32cube.ide.mcu.externaltools.gnu-tools-for-stm32.12.3.rel1.win32_1.0.100.202403111256/tools/bin/../lib/gcc/arm-none-eabi/12.3.1/../../../../arm-none-eabi/lib/thumb/v7e-m+fp/hard\libc_nano.a
LOAD C:/Users/work/year2/Digital_Elec/STM32CubeIDE_1.13.2/STM32CubeIDE/plugins/com.st.stm32cube.ide.mcu.externaltools.gnu-tools-for-stm32.12.3.rel1.win32_1.0.100.202403111256/tools/bin/../lib/gcc/arm-none-eabi/12.3.1/../../../../arm-none-eabi/lib/thumb/v7e-m+fp/hard\libm.a
END GROUP
START GROUP
LOAD C:/Users/work/year2/Digital_Elec/STM32CubeIDE_1.13.2/STM32CubeIDE/plugins/com.st.stm32cube.ide.mcu.externaltools.gnu-tools-for-stm32.12.3.rel1.win32_1.0.100.202403111256/tools/bin/../lib/gcc/arm-none-eabi/12.3.1/thumb/v7e-m+fp/hard\libgcc.a
LOAD C:/Users/work/year2/Digital_Elec/STM32CubeIDE_1.13.2/STM32CubeIDE/plugins/com.st.stm32cube.ide.mcu.externaltools.gnu-tools-for-stm32.12.3.rel1.win32_1.0.100.202403111256/tools/bin/../lib/gcc/arm-none-eabi/12.3.1/../../../../arm-none-eabi/lib/thumb/v7e-m+fp/hard\libc_nano.a
END GROUP
START GROUP
LOAD C:/Users/work/year2/Digital_Elec/STM32CubeIDE_1.13.2/STM32CubeIDE/plugins/com.st.stm32cube.ide.mcu.externaltools.gnu-tools-for-stm32.12.3.rel1.win32_1.0.100.202403111256/tools/bin/../lib/gcc/arm-none-eabi/12.3.1/thumb/v7e-m+fp/hard\libgcc.a
LOAD C:/Users/work/year2/Digital_Elec/STM32CubeIDE_1.13.2/STM32CubeIDE/plugins/com.st.stm32cube.ide.mcu.externaltools.gnu-tools-for-stm32.12.3.rel1.win32_1.0.100.202403111256/tools/bin/../lib/gcc/arm-none-eabi/12.3.1/../../../../arm-none-eabi/lib/thumb/v7e-m+fp/hard\libc_nano.a
LOAD C:/Users/work/year2/Digital_Elec/STM32CubeIDE_1.13.2/STM32CubeIDE/plugins/com.st.stm32cube.ide.mcu.externaltools.gnu-tools-for-stm32.12.3.rel1.win32_1.0.100.202403111256/tools/bin/../lib/gcc/arm-none-eabi/12.3.1/../../../../arm-none-eabi/lib/thumb/v7e-m+fp/hard\libnosys.a
END GROUP
START GROUP
LOAD C:/Users/work/year2/Digital_Elec/STM32CubeIDE_1.13.2/STM32CubeIDE/plugins/com.st.stm32cube.ide.mcu.externaltools.gnu-tools-for-stm32.12.3.rel1.win32_1.0.100.202403111256/tools/bin/../lib/gcc/arm-none-eabi/12.3.1/thumb/v7e-m+fp/hard\libgcc.a
LOAD C:/Users/work/year2/Digital_Elec/STM32CubeIDE_1.13.2/STM32CubeIDE/plugins/com.st.stm32cube.ide.mcu.externaltools.gnu-tools-for-stm32.12.3.rel1.win32_1.0.100.202403111256/tools/bin/../lib/gcc/arm-none-eabi/12.3.1/../../../../arm-none-eabi/lib/thumb/v7e-m+fp/hard\libc_nano.a
LOAD C:/Users/work/year2/Digital_Elec/STM32CubeIDE_1.13.2/STM32CubeIDE/plugins/com.st.stm32cube.ide.mcu.externaltools.gnu-tools-for-stm32.12.3.rel1.win32_1.0.100.202403111256/tools/bin/../lib/gcc/arm-none-eabi/12.3.1/../../../../arm-none-eabi/lib/thumb/v7e-m+fp/hard\libnosys.a
END GROUP
LOAD C:/Users/work/year2/Digital_Elec/STM32CubeIDE_1.13.2/STM32CubeIDE/plugins/com.st.stm32cube.ide.mcu.externaltools.gnu-tools-for-stm32.12.3.rel1.win32_1.0.100.202403111256/tools/bin/../lib/gcc/arm-none-eabi/12.3.1/thumb/v7e-m+fp/hard/crtend.o
LOAD C:/Users/work/year2/Digital_Elec/STM32CubeIDE_1.13.2/STM32CubeIDE/plugins/com.st.stm32cube.ide.mcu.externaltools.gnu-tools-for-stm32.12.3.rel1.win32_1.0.100.202403111256/tools/bin/../lib/gcc/arm-none-eabi/12.3.1/thumb/v7e-m+fp/hard/crtn.o
                0x20020000                        _estack = (ORIGIN (RAM) + LENGTH (RAM))
                0x00000200                        _Min_Heap_Size = 0x200
                0x00000400                        _Min_Stack_Size = 0x400

.isr_vector     0x08000000      0x1d8
                0x08000000                        . = ALIGN (0x4)
 *(.isr_vector)
 .isr_vector    0x08000000      0x1d8 ./Core/Startup/startup_stm32g474retx.o
                0x08000000                g_pfnVectors
                0x080001d8                        . = ALIGN (0x4)

.text           0x080001d8     0x30fc
                0x080001d8                        . = ALIGN (0x4)
 *(.text)
 .text          0x080001d8       0x40 C:/Users/work/year2/Digital_Elec/STM32CubeIDE_1.13.2/STM32CubeIDE/plugins/com.st.stm32cube.ide.mcu.externaltools.gnu-tools-for-stm32.12.3.rel1.win32_1.0.100.202403111256/tools/bin/../lib/gcc/arm-none-eabi/12.3.1/thumb/v7e-m+fp/hard/crtbegin.o
 .text          0x08000218       0x30 C:/Users/work/year2/Digital_Elec/STM32CubeIDE_1.13.2/STM32CubeIDE/plugins/com.st.stm32cube.ide.mcu.externaltools.gnu-tools-for-stm32.12.3.rel1.win32_1.0.100.202403111256/tools/bin/../lib/gcc/arm-none-eabi/12.3.1/thumb/v7e-m+fp/hard\libgcc.a(_aeabi_uldivmod.o)
                0x08000218                __aeabi_uldivmod
 .text          0x08000248      0x2bc C:/Users/work/year2/Digital_Elec/STM32CubeIDE_1.13.2/STM32CubeIDE/plugins/com.st.stm32cube.ide.mcu.externaltools.gnu-tools-for-stm32.12.3.rel1.win32_1.0.100.202403111256/tools/bin/../lib/gcc/arm-none-eabi/12.3.1/thumb/v7e-m+fp/hard\libgcc.a(_udivmoddi4.o)
                0x08000248                __udivmoddi4
 .text          0x08000504        0x4 C:/Users/work/year2/Digital_Elec/STM32CubeIDE_1.13.2/STM32CubeIDE/plugins/com.st.stm32cube.ide.mcu.externaltools.gnu-tools-for-stm32.12.3.rel1.win32_1.0.100.202403111256/tools/bin/../lib/gcc/arm-none-eabi/12.3.1/thumb/v7e-m+fp/hard\libgcc.a(_dvmd_tls.o)
                0x08000504                __aeabi_idiv0
                0x08000504                __aeabi_ldiv0
 *(.text*)
 .text.main     0x08000508       0x44 ./Core/Src/main.o
                0x08000508                main
 .text.SystemClock_Config
                0x0800054c       0x96 ./Core/Src/main.o
                0x0800054c                SystemClock_Config
 *fill*         0x080005e2        0x2 
 .text.MX_LPUART1_UART_Init
                0x080005e4       0x94 ./Core/Src/main.o
 .text.MX_USART1_UART_Init
                0x08000678       0x98 ./Core/Src/main.o
 .text.MX_GPIO_Init
                0x08000710      0x154 ./Core/Src/main.o
 .text.ButtonMatrixRead
                0x08000864       0xf8 ./Core/Src/main.o
                0x08000864                ButtonMatrixRead
 .text.Numarray
                0x0800095c       0x98 ./Core/Src/main.o
                0x0800095c                Numarray
 .text.sendUART
                0x080009f4       0xbc ./Core/Src/main.o
                0x080009f4                sendUART
 .text.Error_Handler
                0x08000ab0        0xc ./Core/Src/main.o
                0x08000ab0                Error_Handler
 .text.HAL_MspInit
                0x08000abc       0x48 ./Core/Src/stm32g4xx_hal_msp.o
                0x08000abc                HAL_MspInit
 .text.HAL_UART_MspInit
                0x08000b04      0x130 ./Core/Src/stm32g4xx_hal_msp.o
                0x08000b04                HAL_UART_MspInit
 .text.NMI_Handler
                0x08000c34        0x8 ./Core/Src/stm32g4xx_it.o
                0x08000c34                NMI_Handler
 .text.HardFault_Handler
                0x08000c3c        0x8 ./Core/Src/stm32g4xx_it.o
                0x08000c3c                HardFault_Handler
 .text.MemManage_Handler
                0x08000c44        0x8 ./Core/Src/stm32g4xx_it.o
                0x08000c44                MemManage_Handler
 .text.BusFault_Handler
                0x08000c4c        0x8 ./Core/Src/stm32g4xx_it.o
                0x08000c4c                BusFault_Handler
 .text.UsageFault_Handler
                0x08000c54        0x8 ./Core/Src/stm32g4xx_it.o
                0x08000c54                UsageFault_Handler
 .text.SVC_Handler
                0x08000c5c        0xe ./Core/Src/stm32g4xx_it.o
                0x08000c5c                SVC_Handler
 .text.DebugMon_Handler
                0x08000c6a        0xe ./Core/Src/stm32g4xx_it.o
                0x08000c6a                DebugMon_Handler
 .text.PendSV_Handler
                0x08000c78        0xe ./Core/Src/stm32g4xx_it.o
                0x08000c78                PendSV_Handler
 .text.SysTick_Handler
                0x08000c86        0xc ./Core/Src/stm32g4xx_it.o
                0x08000c86                SysTick_Handler
 .text.EXTI15_10_IRQHandler
                0x08000c92       0x10 ./Core/Src/stm32g4xx_it.o
                0x08000c92                EXTI15_10_IRQHandler
 *fill*         0x08000ca2        0x2 
 .text.SystemInit
                0x08000ca4       0x24 ./Core/Src/system_stm32g4xx.o
                0x08000ca4                SystemInit
 .text.Reset_Handler
                0x08000cc8       0x50 ./Core/Startup/startup_stm32g474retx.o
                0x08000cc8                Reset_Handler
 .text.Default_Handler
                0x08000d18        0x2 ./Core/Startup/startup_stm32g474retx.o
                0x08000d18                RTC_Alarm_IRQHandler
                0x08000d18                EXTI2_IRQHandler
                0x08000d18                TIM8_TRG_COM_IRQHandler
                0x08000d18                TIM8_CC_IRQHandler
                0x08000d18                HRTIM1_Master_IRQHandler
                0x08000d18                SPI4_IRQHandler
                0x08000d18                FDCAN3_IT0_IRQHandler
                0x08000d18                TIM1_CC_IRQHandler
                0x08000d18                HRTIM1_FLT_IRQHandler
                0x08000d18                HRTIM1_TIMF_IRQHandler
                0x08000d18                USB_HP_IRQHandler
                0x08000d18                CORDIC_IRQHandler
                0x08000d18                HRTIM1_TIMD_IRQHandler
                0x08000d18                DMA2_Channel8_IRQHandler
                0x08000d18                EXTI3_IRQHandler
                0x08000d18                I2C3_ER_IRQHandler
                0x08000d18                EXTI0_IRQHandler
                0x08000d18                I2C2_EV_IRQHandler
                0x08000d18                FPU_IRQHandler
                0x08000d18                FDCAN1_IT1_IRQHandler
                0x08000d18                TIM1_UP_TIM16_IRQHandler
                0x08000d18                ADC1_2_IRQHandler
                0x08000d18                HRTIM1_TIME_IRQHandler
                0x08000d18                SPI1_IRQHandler
                0x08000d18                TIM6_DAC_IRQHandler
                0x08000d18                HRTIM1_TIMC_IRQHandler
                0x08000d18                TIM8_UP_IRQHandler
                0x08000d18                DMA2_Channel2_IRQHandler
                0x08000d18                DMA1_Channel4_IRQHandler
                0x08000d18                TIM20_TRG_COM_IRQHandler
                0x08000d18                USART3_IRQHandler
                0x08000d18                DMA1_Channel7_IRQHandler
                0x08000d18                UART5_IRQHandler
                0x08000d18                ADC3_IRQHandler
                0x08000d18                TIM4_IRQHandler
                0x08000d18                DMA2_Channel1_IRQHandler
                0x08000d18                QUADSPI_IRQHandler
                0x08000d18                I2C1_EV_IRQHandler
                0x08000d18                DMA1_Channel6_IRQHandler
                0x08000d18                UART4_IRQHandler
                0x08000d18                DMA2_Channel4_IRQHandler
                0x08000d18                TIM3_IRQHandler
                0x08000d18                RCC_IRQHandler
                0x08000d18                TIM20_UP_IRQHandler
                0x08000d18                DMA1_Channel1_IRQHandler
                0x08000d18                Default_Handler
                0x08000d18                DMA2_Channel7_IRQHandler
                0x08000d18                RTC_TAMP_LSECSS_IRQHandler
                0x08000d18                FMAC_IRQHandler
                0x08000d18                DMA1_Channel8_IRQHandler
                0x08000d18                HRTIM1_TIMA_IRQHandler
                0x08000d18                TIM7_DAC_IRQHandler
                0x08000d18                FDCAN3_IT1_IRQHandler
                0x08000d18                TIM5_IRQHandler
                0x08000d18                UCPD1_IRQHandler
                0x08000d18                I2C3_EV_IRQHandler
                0x08000d18                EXTI9_5_IRQHandler
                0x08000d18                RTC_WKUP_IRQHandler
                0x08000d18                PVD_PVM_IRQHandler
                0x08000d18                SPI2_IRQHandler
                0x08000d18                ADC5_IRQHandler
                0x08000d18                DMA2_Channel5_IRQHandler
                0x08000d18                CRS_IRQHandler
                0x08000d18                DMA1_Channel5_IRQHandler
                0x08000d18                USB_LP_IRQHandler
                0x08000d18                EXTI4_IRQHandler
                0x08000d18                RNG_IRQHandler
                0x08000d18                HRTIM1_TIMB_IRQHandler
                0x08000d18                TIM1_TRG_COM_TIM17_IRQHandler
                0x08000d18                FDCAN2_IT1_IRQHandler
                0x08000d18                DMA1_Channel3_IRQHandler
                0x08000d18                ADC4_IRQHandler
                0x08000d18                WWDG_IRQHandler
                0x08000d18                I2C4_EV_IRQHandler
                0x08000d18                FDCAN2_IT0_IRQHandler
                0x08000d18                LPUART1_IRQHandler
                0x08000d18                DMA2_Channel6_IRQHandler
                0x08000d18                FDCAN1_IT0_IRQHandler
                0x08000d18                TIM2_IRQHandler
                0x08000d18                COMP7_IRQHandler
                0x08000d18                COMP1_2_3_IRQHandler
                0x08000d18                EXTI1_IRQHandler
                0x08000d18                USART2_IRQHandler
                0x08000d18                COMP4_5_6_IRQHandler
                0x08000d18                TIM20_BRK_IRQHandler
                0x08000d18                I2C2_ER_IRQHandler
                0x08000d18                DMA1_Channel2_IRQHandler
                0x08000d18                TIM8_BRK_IRQHandler
                0x08000d18                FLASH_IRQHandler
                0x08000d18                TIM20_CC_IRQHandler
                0x08000d18                USART1_IRQHandler
                0x08000d18                SPI3_IRQHandler
                0x08000d18                I2C1_ER_IRQHandler
                0x08000d18                FMC_IRQHandler
                0x08000d18                LPTIM1_IRQHandler
                0x08000d18                DMAMUX_OVR_IRQHandler
                0x08000d18                I2C4_ER_IRQHandler
                0x08000d18                USBWakeUp_IRQHandler
                0x08000d18                SAI1_IRQHandler
                0x08000d18                DMA2_Channel3_IRQHandler
                0x08000d18                TIM1_BRK_TIM15_IRQHandler
 .text.HAL_Init
                0x08000d1a       0x30 ./Drivers/STM32G4xx_HAL_Driver/Src/stm32g4xx_hal.o
                0x08000d1a                HAL_Init
 *fill*         0x08000d4a        0x2 
 .text.HAL_InitTick
                0x08000d4c       0x74 ./Drivers/STM32G4xx_HAL_Driver/Src/stm32g4xx_hal.o
                0x08000d4c                HAL_InitTick
 .text.HAL_IncTick
                0x08000dc0       0x24 ./Drivers/STM32G4xx_HAL_Driver/Src/stm32g4xx_hal.o
                0x08000dc0                HAL_IncTick
 .text.HAL_GetTick
                0x08000de4       0x18 ./Drivers/STM32G4xx_HAL_Driver/Src/stm32g4xx_hal.o
                0x08000de4                HAL_GetTick
 .text.HAL_Delay
                0x08000dfc       0x44 ./Drivers/STM32G4xx_HAL_Driver/Src/stm32g4xx_hal.o
                0x08000dfc                HAL_Delay
 .text.__NVIC_SetPriorityGrouping
                0x08000e40       0x48 ./Drivers/STM32G4xx_HAL_Driver/Src/stm32g4xx_hal_cortex.o
 .text.__NVIC_GetPriorityGrouping
                0x08000e88       0x1c ./Drivers/STM32G4xx_HAL_Driver/Src/stm32g4xx_hal_cortex.o
 .text.__NVIC_EnableIRQ
                0x08000ea4       0x3c ./Drivers/STM32G4xx_HAL_Driver/Src/stm32g4xx_hal_cortex.o
 .text.__NVIC_SetPriority
                0x08000ee0       0x54 ./Drivers/STM32G4xx_HAL_Driver/Src/stm32g4xx_hal_cortex.o
 .text.NVIC_EncodePriority
                0x08000f34       0x66 ./Drivers/STM32G4xx_HAL_Driver/Src/stm32g4xx_hal_cortex.o
 *fill*         0x08000f9a        0x2 
 .text.SysTick_Config
                0x08000f9c       0x44 ./Drivers/STM32G4xx_HAL_Driver/Src/stm32g4xx_hal_cortex.o
 .text.HAL_NVIC_SetPriorityGrouping
                0x08000fe0       0x16 ./Drivers/STM32G4xx_HAL_Driver/Src/stm32g4xx_hal_cortex.o
                0x08000fe0                HAL_NVIC_SetPriorityGrouping
 .text.HAL_NVIC_SetPriority
                0x08000ff6       0x34 ./Drivers/STM32G4xx_HAL_Driver/Src/stm32g4xx_hal_cortex.o
                0x08000ff6                HAL_NVIC_SetPriority
 .text.HAL_NVIC_EnableIRQ
                0x0800102a       0x1c ./Drivers/STM32G4xx_HAL_Driver/Src/stm32g4xx_hal_cortex.o
                0x0800102a                HAL_NVIC_EnableIRQ
 .text.HAL_SYSTICK_Config
                0x08001046       0x18 ./Drivers/STM32G4xx_HAL_Driver/Src/stm32g4xx_hal_cortex.o
                0x08001046                HAL_SYSTICK_Config
 *fill*         0x0800105e        0x2 
 .text.HAL_GPIO_Init
                0x08001060      0x304 ./Drivers/STM32G4xx_HAL_Driver/Src/stm32g4xx_hal_gpio.o
                0x08001060                HAL_GPIO_Init
 .text.HAL_GPIO_ReadPin
                0x08001364       0x30 ./Drivers/STM32G4xx_HAL_Driver/Src/stm32g4xx_hal_gpio.o
                0x08001364                HAL_GPIO_ReadPin
 .text.HAL_GPIO_WritePin
                0x08001394       0x30 ./Drivers/STM32G4xx_HAL_Driver/Src/stm32g4xx_hal_gpio.o
                0x08001394                HAL_GPIO_WritePin
 .text.HAL_GPIO_EXTI_IRQHandler
                0x080013c4       0x30 ./Drivers/STM32G4xx_HAL_Driver/Src/stm32g4xx_hal_gpio.o
                0x080013c4                HAL_GPIO_EXTI_IRQHandler
 .text.HAL_GPIO_EXTI_Callback
                0x080013f4       0x16 ./Drivers/STM32G4xx_HAL_Driver/Src/stm32g4xx_hal_gpio.o
                0x080013f4                HAL_GPIO_EXTI_Callback
 *fill*         0x0800140a        0x2 
 .text.HAL_PWREx_ControlVoltageScaling
                0x0800140c      0x148 ./Drivers/STM32G4xx_HAL_Driver/Src/stm32g4xx_hal_pwr_ex.o
                0x0800140c                HAL_PWREx_ControlVoltageScaling
 .text.HAL_PWREx_DisableUCPDDeadBattery
                0x08001554       0x20 ./Drivers/STM32G4xx_HAL_Driver/Src/stm32g4xx_hal_pwr_ex.o
                0x08001554                HAL_PWREx_DisableUCPDDeadBattery
 .text.HAL_RCC_OscConfig
                0x08001574      0x624 ./Drivers/STM32G4xx_HAL_Driver/Src/stm32g4xx_hal_rcc.o
                0x08001574                HAL_RCC_OscConfig
 .text.HAL_RCC_ClockConfig
                0x08001b98      0x278 ./Drivers/STM32G4xx_HAL_Driver/Src/stm32g4xx_hal_rcc.o
                0x08001b98                HAL_RCC_ClockConfig
 .text.HAL_RCC_GetSysClockFreq
                0x08001e10       0xc4 ./Drivers/STM32G4xx_HAL_Driver/Src/stm32g4xx_hal_rcc.o
                0x08001e10                HAL_RCC_GetSysClockFreq
 .text.HAL_RCC_GetHCLKFreq
                0x08001ed4       0x18 ./Drivers/STM32G4xx_HAL_Driver/Src/stm32g4xx_hal_rcc.o
                0x08001ed4                HAL_RCC_GetHCLKFreq
 .text.HAL_RCC_GetPCLK1Freq
                0x08001eec       0x2c ./Drivers/STM32G4xx_HAL_Driver/Src/stm32g4xx_hal_rcc.o
                0x08001eec                HAL_RCC_GetPCLK1Freq
 .text.HAL_RCC_GetPCLK2Freq
                0x08001f18       0x2c ./Drivers/STM32G4xx_HAL_Driver/Src/stm32g4xx_hal_rcc.o
                0x08001f18                HAL_RCC_GetPCLK2Freq
 .text.RCC_GetSysClockFreqFromPLLSource
                0x08001f44       0x8c ./Drivers/STM32G4xx_HAL_Driver/Src/stm32g4xx_hal_rcc.o
 .text.HAL_RCCEx_PeriphCLKConfig
                0x08001fd0      0x49c ./Drivers/STM32G4xx_HAL_Driver/Src/stm32g4xx_hal_rcc_ex.o
                0x08001fd0                HAL_RCCEx_PeriphCLKConfig
 .text.HAL_UART_Init
                0x0800246c       0xa0 ./Drivers/STM32G4xx_HAL_Driver/Src/stm32g4xx_hal_uart.o
                0x0800246c                HAL_UART_Init
 .text.HAL_UART_Transmit
                0x0800250c      0x11c ./Drivers/STM32G4xx_HAL_Driver/Src/stm32g4xx_hal_uart.o
                0x0800250c                HAL_UART_Transmit
 .text.UART_SetConfig
                0x08002628      0x5f8 ./Drivers/STM32G4xx_HAL_Driver/Src/stm32g4xx_hal_uart.o
                0x08002628                UART_SetConfig
 .text.UART_AdvFeatureConfig
                0x08002c20      0x144 ./Drivers/STM32G4xx_HAL_Driver/Src/stm32g4xx_hal_uart.o
                0x08002c20                UART_AdvFeatureConfig
 .text.UART_CheckIdleState
                0x08002d64      0x154 ./Drivers/STM32G4xx_HAL_Driver/Src/stm32g4xx_hal_uart.o
                0x08002d64                UART_CheckIdleState
 .text.UART_WaitOnFlagUntilTimeout
                0x08002eb8       0xda ./Drivers/STM32G4xx_HAL_Driver/Src/stm32g4xx_hal_uart.o
                0x08002eb8                UART_WaitOnFlagUntilTimeout
 .text.UART_EndRxTransfer
                0x08002f92       0xcc ./Drivers/STM32G4xx_HAL_Driver/Src/stm32g4xx_hal_uart.o
 .text.HAL_UARTEx_DisableFifoMode
                0x0800305e       0x72 ./Drivers/STM32G4xx_HAL_Driver/Src/stm32g4xx_hal_uart_ex.o
                0x0800305e                HAL_UARTEx_DisableFifoMode
 .text.HAL_UARTEx_SetTxFifoThreshold
                0x080030d0       0x7c ./Drivers/STM32G4xx_HAL_Driver/Src/stm32g4xx_hal_uart_ex.o
                0x080030d0                HAL_UARTEx_SetTxFifoThreshold
 .text.HAL_UARTEx_SetRxFifoThreshold
                0x0800314c       0x7c ./Drivers/STM32G4xx_HAL_Driver/Src/stm32g4xx_hal_uart_ex.o
                0x0800314c                HAL_UARTEx_SetRxFifoThreshold
 .text.UARTEx_SetNbDataToProcess
                0x080031c8       0x9c ./Drivers/STM32G4xx_HAL_Driver/Src/stm32g4xx_hal_uart_ex.o
 .text.memset   0x08003264       0x10 C:/Users/work/year2/Digital_Elec/STM32CubeIDE_1.13.2/STM32CubeIDE/plugins/com.st.stm32cube.ide.mcu.externaltools.gnu-tools-for-stm32.12.3.rel1.win32_1.0.100.202403111256/tools/bin/../lib/gcc/arm-none-eabi/12.3.1/../../../../arm-none-eabi/lib/thumb/v7e-m+fp/hard\libc_nano.a(libc_a-memset.o)
                0x08003264                memset
 .text.__libc_init_array
                0x08003274       0x48 C:/Users/work/year2/Digital_Elec/STM32CubeIDE_1.13.2/STM32CubeIDE/plugins/com.st.stm32cube.ide.mcu.externaltools.gnu-tools-for-stm32.12.3.rel1.win32_1.0.100.202403111256/tools/bin/../lib/gcc/arm-none-eabi/12.3.1/../../../../arm-none-eabi/lib/thumb/v7e-m+fp/hard\libc_nano.a(libc_a-init.o)
                0x08003274                __libc_init_array
 *(.glue_7)
 .glue_7        0x080032bc        0x0 linker stubs
 *(.glue_7t)
 .glue_7t       0x080032bc        0x0 linker stubs
 *(.eh_frame)
 .eh_frame      0x080032bc        0x0 C:/Users/work/year2/Digital_Elec/STM32CubeIDE_1.13.2/STM32CubeIDE/plugins/com.st.stm32cube.ide.mcu.externaltools.gnu-tools-for-stm32.12.3.rel1.win32_1.0.100.202403111256/tools/bin/../lib/gcc/arm-none-eabi/12.3.1/thumb/v7e-m+fp/hard/crtbegin.o
 *(.init)
 .init          0x080032bc        0x4 C:/Users/work/year2/Digital_Elec/STM32CubeIDE_1.13.2/STM32CubeIDE/plugins/com.st.stm32cube.ide.mcu.externaltools.gnu-tools-for-stm32.12.3.rel1.win32_1.0.100.202403111256/tools/bin/../lib/gcc/arm-none-eabi/12.3.1/thumb/v7e-m+fp/hard/crti.o
                0x080032bc                _init
 .init          0x080032c0        0x8 C:/Users/work/year2/Digital_Elec/STM32CubeIDE_1.13.2/STM32CubeIDE/plugins/com.st.stm32cube.ide.mcu.externaltools.gnu-tools-for-stm32.12.3.rel1.win32_1.0.100.202403111256/tools/bin/../lib/gcc/arm-none-eabi/12.3.1/thumb/v7e-m+fp/hard/crtn.o
 *(.fini)
 .fini          0x080032c8        0x4 C:/Users/work/year2/Digital_Elec/STM32CubeIDE_1.13.2/STM32CubeIDE/plugins/com.st.stm32cube.ide.mcu.externaltools.gnu-tools-for-stm32.12.3.rel1.win32_1.0.100.202403111256/tools/bin/../lib/gcc/arm-none-eabi/12.3.1/thumb/v7e-m+fp/hard/crti.o
                0x080032c8                _fini
 .fini          0x080032cc        0x8 C:/Users/work/year2/Digital_Elec/STM32CubeIDE_1.13.2/STM32CubeIDE/plugins/com.st.stm32cube.ide.mcu.externaltools.gnu-tools-for-stm32.12.3.rel1.win32_1.0.100.202403111256/tools/bin/../lib/gcc/arm-none-eabi/12.3.1/thumb/v7e-m+fp/hard/crtn.o
                0x080032d4                        . = ALIGN (0x4)
                0x080032d4                        _etext = .

.vfp11_veneer   0x080032d4        0x0
 .vfp11_veneer  0x080032d4        0x0 linker stubs

.v4_bx          0x080032d4        0x0
 .v4_bx         0x080032d4        0x0 linker stubs

.iplt           0x080032d4        0x0
 .iplt          0x080032d4        0x0 C:/Users/work/year2/Digital_Elec/STM32CubeIDE_1.13.2/STM32CubeIDE/plugins/com.st.stm32cube.ide.mcu.externaltools.gnu-tools-for-stm32.12.3.rel1.win32_1.0.100.202403111256/tools/bin/../lib/gcc/arm-none-eabi/12.3.1/thumb/v7e-m+fp/hard/crtbegin.o

.rodata         0x080032d4       0x40
                0x080032d4                        . = ALIGN (0x4)
 *(.rodata)
 *(.rodata*)
 .rodata.AHBPrescTable
                0x080032d4       0x10 ./Core/Src/system_stm32g4xx.o
                0x080032d4                AHBPrescTable
 .rodata.APBPrescTable
                0x080032e4        0x8 ./Core/Src/system_stm32g4xx.o
                0x080032e4                APBPrescTable
 .rodata.UARTPrescTable
                0x080032ec       0x18 ./Drivers/STM32G4xx_HAL_Driver/Src/stm32g4xx_hal_uart.o
                0x080032ec                UARTPrescTable
 .rodata.numerator.1
                0x08003304        0x8 ./Drivers/STM32G4xx_HAL_Driver/Src/stm32g4xx_hal_uart_ex.o
 .rodata.denominator.0
                0x0800330c        0x8 ./Drivers/STM32G4xx_HAL_Driver/Src/stm32g4xx_hal_uart_ex.o
                0x08003314                        . = ALIGN (0x4)

.ARM.extab      0x08003314        0x0
                0x08003314                        . = ALIGN (0x4)
 *(.ARM.extab* .gnu.linkonce.armextab.*)
                0x08003314                        . = ALIGN (0x4)

.ARM            0x08003314        0x8
                0x08003314                        . = ALIGN (0x4)
                0x08003314                        __exidx_start = .
 *(.ARM.exidx*)
 .ARM.exidx     0x08003314        0x8 C:/Users/work/year2/Digital_Elec/STM32CubeIDE_1.13.2/STM32CubeIDE/plugins/com.st.stm32cube.ide.mcu.externaltools.gnu-tools-for-stm32.12.3.rel1.win32_1.0.100.202403111256/tools/bin/../lib/gcc/arm-none-eabi/12.3.1/thumb/v7e-m+fp/hard\libgcc.a(_udivmoddi4.o)
                0x0800331c                        __exidx_end = .
                0x0800331c                        . = ALIGN (0x4)

.preinit_array  0x0800331c        0x0
                0x0800331c                        . = ALIGN (0x4)
                0x0800331c                        PROVIDE (__preinit_array_start = .)
 *(.preinit_array*)
                0x0800331c                        PROVIDE (__preinit_array_end = .)
                0x0800331c                        . = ALIGN (0x4)

.init_array     0x0800331c        0x4
                0x0800331c                        . = ALIGN (0x4)
                0x0800331c                        PROVIDE (__init_array_start = .)
 *(SORT_BY_NAME(.init_array.*))
 *(.init_array*)
 .init_array    0x0800331c        0x4 C:/Users/work/year2/Digital_Elec/STM32CubeIDE_1.13.2/STM32CubeIDE/plugins/com.st.stm32cube.ide.mcu.externaltools.gnu-tools-for-stm32.12.3.rel1.win32_1.0.100.202403111256/tools/bin/../lib/gcc/arm-none-eabi/12.3.1/thumb/v7e-m+fp/hard/crtbegin.o
                0x08003320                        PROVIDE (__init_array_end = .)
                0x08003320                        . = ALIGN (0x4)

.fini_array     0x08003320        0x4
                0x08003320                        . = ALIGN (0x4)
                [!provide]                        PROVIDE (__fini_array_start = .)
 *(SORT_BY_NAME(.fini_array.*))
 *(.fini_array*)
 .fini_array    0x08003320        0x4 C:/Users/work/year2/Digital_Elec/STM32CubeIDE_1.13.2/STM32CubeIDE/plugins/com.st.stm32cube.ide.mcu.externaltools.gnu-tools-for-stm32.12.3.rel1.win32_1.0.100.202403111256/tools/bin/../lib/gcc/arm-none-eabi/12.3.1/thumb/v7e-m+fp/hard/crtbegin.o
                [!provide]                        PROVIDE (__fini_array_end = .)
                0x08003324                        . = ALIGN (0x4)
                0x08003324                        _sidata = LOADADDR (.data)

.rel.dyn        0x08003324        0x0
 .rel.iplt      0x08003324        0x0 C:/Users/work/year2/Digital_Elec/STM32CubeIDE_1.13.2/STM32CubeIDE/plugins/com.st.stm32cube.ide.mcu.externaltools.gnu-tools-for-stm32.12.3.rel1.win32_1.0.100.202403111256/tools/bin/../lib/gcc/arm-none-eabi/12.3.1/thumb/v7e-m+fp/hard/crtbegin.o

.data           0x20000000       0x34 load address 0x08003324
                0x20000000                        . = ALIGN (0x4)
                0x20000000                        _sdata = .
 *(.data)
 *(.data*)
 .data.BMX_L    0x20000000       0x10 ./Core/Src/main.o
                0x20000000                BMX_L
 .data.BMX_R    0x20000010       0x18 ./Core/Src/main.o
                0x20000010                BMX_R
 .data.SystemCoreClock
                0x20000028        0x4 ./Core/Src/system_stm32g4xx.o
                0x20000028                SystemCoreClock
 .data.uwTickPrio
                0x2000002c        0x4 ./Drivers/STM32G4xx_HAL_Driver/Src/stm32g4xx_hal.o
                0x2000002c                uwTickPrio
 .data.uwTickFreq
                0x20000030        0x4 ./Drivers/STM32G4xx_HAL_Driver/Src/stm32g4xx_hal.o
                0x20000030                uwTickFreq
 *(.RamFunc)
 *(.RamFunc*)
                0x20000034                        . = ALIGN (0x4)
                0x20000034                        _edata = .

.igot.plt       0x20000034        0x0 load address 0x08003358
 .igot.plt      0x20000034        0x0 C:/Users/work/year2/Digital_Elec/STM32CubeIDE_1.13.2/STM32CubeIDE/plugins/com.st.stm32cube.ide.mcu.externaltools.gnu-tools-for-stm32.12.3.rel1.win32_1.0.100.202403111256/tools/bin/../lib/gcc/arm-none-eabi/12.3.1/thumb/v7e-m+fp/hard/crtbegin.o
                0x20000034                        . = ALIGN (0x4)

.bss            0x20000034      0x160 load address 0x08003358
                0x20000034                        _sbss = .
                0x20000034                        __bss_start__ = _sbss
 *(.bss)
 .bss           0x20000034       0x1c C:/Users/work/year2/Digital_Elec/STM32CubeIDE_1.13.2/STM32CubeIDE/plugins/com.st.stm32cube.ide.mcu.externaltools.gnu-tools-for-stm32.12.3.rel1.win32_1.0.100.202403111256/tools/bin/../lib/gcc/arm-none-eabi/12.3.1/thumb/v7e-m+fp/hard/crtbegin.o
 *(.bss*)
 .bss.hlpuart1  0x20000050       0x94 ./Core/Src/main.o
                0x20000050                hlpuart1
 .bss.huart1    0x200000e4       0x94 ./Core/Src/main.o
                0x200000e4                huart1
 .bss.ButtonState
                0x20000178        0x2 ./Core/Src/main.o
                0x20000178                ButtonState
 .bss.first_num
                0x2000017a        0x2 ./Core/Src/main.o
                0x2000017a                first_num
 .bss.second_num
                0x2000017c        0x2 ./Core/Src/main.o
                0x2000017c                second_num
 .bss.fight     0x2000017e        0x2 ./Core/Src/main.o
                0x2000017e                fight
 .bss.databytes
                0x20000180        0x4 ./Core/Src/main.o
                0x20000180                databytes
 .bss.result    0x20000184        0x2 ./Core/Src/main.o
                0x20000184                result
 *fill*         0x20000186        0x2 
 .bss.BTMX_TimeStamp.1
                0x20000188        0x4 ./Core/Src/main.o
 .bss.X.0       0x2000018c        0x1 ./Core/Src/main.o
 *fill*         0x2000018d        0x3 
 .bss.uwTick    0x20000190        0x4 ./Drivers/STM32G4xx_HAL_Driver/Src/stm32g4xx_hal.o
                0x20000190                uwTick
 *(COMMON)
                0x20000194                        . = ALIGN (0x4)
                0x20000194                        _ebss = .
                0x20000194                        __bss_end__ = _ebss

._user_heap_stack
                0x20000194      0x604 load address 0x08003358
                0x20000198                        . = ALIGN (0x8)
 *fill*         0x20000194        0x4 
                [!provide]                        PROVIDE (end = .)
                0x20000198                        PROVIDE (_end = .)
                0x20000398                        . = (. + _Min_Heap_Size)
 *fill*         0x20000198      0x200 
                0x20000798                        . = (. + _Min_Stack_Size)
 *fill*         0x20000398      0x400 
                0x20000798                        . = ALIGN (0x8)

/DISCARD/
 libc.a(*)
 libm.a(*)
 libgcc.a(*)

.ARM.attributes
                0x00000000       0x30
 *(.ARM.attributes)
 .ARM.attributes
                0x00000000       0x22 C:/Users/work/year2/Digital_Elec/STM32CubeIDE_1.13.2/STM32CubeIDE/plugins/com.st.stm32cube.ide.mcu.externaltools.gnu-tools-for-stm32.12.3.rel1.win32_1.0.100.202403111256/tools/bin/../lib/gcc/arm-none-eabi/12.3.1/thumb/v7e-m+fp/hard/crti.o
 .ARM.attributes
                0x00000022       0x34 C:/Users/work/year2/Digital_Elec/STM32CubeIDE_1.13.2/STM32CubeIDE/plugins/com.st.stm32cube.ide.mcu.externaltools.gnu-tools-for-stm32.12.3.rel1.win32_1.0.100.202403111256/tools/bin/../lib/gcc/arm-none-eabi/12.3.1/thumb/v7e-m+fp/hard/crtbegin.o
 .ARM.attributes
                0x00000056       0x34 ./Core/Src/main.o
 .ARM.attributes
                0x0000008a       0x34 ./Core/Src/stm32g4xx_hal_msp.o
 .ARM.attributes
                0x000000be       0x34 ./Core/Src/stm32g4xx_it.o
 .ARM.attributes
                0x000000f2       0x34 ./Core/Src/system_stm32g4xx.o
 .ARM.attributes
                0x00000126       0x21 ./Core/Startup/startup_stm32g474retx.o
 .ARM.attributes
                0x00000147       0x34 ./Drivers/STM32G4xx_HAL_Driver/Src/stm32g4xx_hal.o
 .ARM.attributes
                0x0000017b       0x34 ./Drivers/STM32G4xx_HAL_Driver/Src/stm32g4xx_hal_cortex.o
 .ARM.attributes
                0x000001af       0x34 ./Drivers/STM32G4xx_HAL_Driver/Src/stm32g4xx_hal_gpio.o
 .ARM.attributes
                0x000001e3       0x34 ./Drivers/STM32G4xx_HAL_Driver/Src/stm32g4xx_hal_pwr_ex.o
 .ARM.attributes
                0x00000217       0x34 ./Drivers/STM32G4xx_HAL_Driver/Src/stm32g4xx_hal_rcc.o
 .ARM.attributes
                0x0000024b       0x34 ./Drivers/STM32G4xx_HAL_Driver/Src/stm32g4xx_hal_rcc_ex.o
 .ARM.attributes
                0x0000027f       0x34 ./Drivers/STM32G4xx_HAL_Driver/Src/stm32g4xx_hal_uart.o
 .ARM.attributes
                0x000002b3       0x34 ./Drivers/STM32G4xx_HAL_Driver/Src/stm32g4xx_hal_uart_ex.o
 .ARM.attributes
                0x000002e7       0x34 C:/Users/work/year2/Digital_Elec/STM32CubeIDE_1.13.2/STM32CubeIDE/plugins/com.st.stm32cube.ide.mcu.externaltools.gnu-tools-for-stm32.12.3.rel1.win32_1.0.100.202403111256/tools/bin/../lib/gcc/arm-none-eabi/12.3.1/../../../../arm-none-eabi/lib/thumb/v7e-m+fp/hard\libc_nano.a(libc_a-memset.o)
 .ARM.attributes
                0x0000031b       0x34 C:/Users/work/year2/Digital_Elec/STM32CubeIDE_1.13.2/STM32CubeIDE/plugins/com.st.stm32cube.ide.mcu.externaltools.gnu-tools-for-stm32.12.3.rel1.win32_1.0.100.202403111256/tools/bin/../lib/gcc/arm-none-eabi/12.3.1/../../../../arm-none-eabi/lib/thumb/v7e-m+fp/hard\libc_nano.a(libc_a-init.o)
 .ARM.attributes
                0x0000034f       0x22 C:/Users/work/year2/Digital_Elec/STM32CubeIDE_1.13.2/STM32CubeIDE/plugins/com.st.stm32cube.ide.mcu.externaltools.gnu-tools-for-stm32.12.3.rel1.win32_1.0.100.202403111256/tools/bin/../lib/gcc/arm-none-eabi/12.3.1/thumb/v7e-m+fp/hard\libgcc.a(_aeabi_uldivmod.o)
 .ARM.attributes
                0x00000371       0x34 C:/Users/work/year2/Digital_Elec/STM32CubeIDE_1.13.2/STM32CubeIDE/plugins/com.st.stm32cube.ide.mcu.externaltools.gnu-tools-for-stm32.12.3.rel1.win32_1.0.100.202403111256/tools/bin/../lib/gcc/arm-none-eabi/12.3.1/thumb/v7e-m+fp/hard\libgcc.a(_udivmoddi4.o)
 .ARM.attributes
                0x000003a5       0x22 C:/Users/work/year2/Digital_Elec/STM32CubeIDE_1.13.2/STM32CubeIDE/plugins/com.st.stm32cube.ide.mcu.externaltools.gnu-tools-for-stm32.12.3.rel1.win32_1.0.100.202403111256/tools/bin/../lib/gcc/arm-none-eabi/12.3.1/thumb/v7e-m+fp/hard\libgcc.a(_dvmd_tls.o)
 .ARM.attributes
                0x000003c7       0x22 C:/Users/work/year2/Digital_Elec/STM32CubeIDE_1.13.2/STM32CubeIDE/plugins/com.st.stm32cube.ide.mcu.externaltools.gnu-tools-for-stm32.12.3.rel1.win32_1.0.100.202403111256/tools/bin/../lib/gcc/arm-none-eabi/12.3.1/thumb/v7e-m+fp/hard/crtn.o
OUTPUT(S2_Lab03.elf elf32-littlearm)
LOAD linker stubs
LOAD C:/Users/work/year2/Digital_Elec/STM32CubeIDE_1.13.2/STM32CubeIDE/plugins/com.st.stm32cube.ide.mcu.externaltools.gnu-tools-for-stm32.12.3.rel1.win32_1.0.100.202403111256/tools/bin/../lib/gcc/arm-none-eabi/12.3.1/../../../../arm-none-eabi/lib/thumb/v7e-m+fp/hard\libc.a
LOAD C:/Users/work/year2/Digital_Elec/STM32CubeIDE_1.13.2/STM32CubeIDE/plugins/com.st.stm32cube.ide.mcu.externaltools.gnu-tools-for-stm32.12.3.rel1.win32_1.0.100.202403111256/tools/bin/../lib/gcc/arm-none-eabi/12.3.1/../../../../arm-none-eabi/lib/thumb/v7e-m+fp/hard\libm.a
LOAD C:/Users/work/year2/Digital_Elec/STM32CubeIDE_1.13.2/STM32CubeIDE/plugins/com.st.stm32cube.ide.mcu.externaltools.gnu-tools-for-stm32.12.3.rel1.win32_1.0.100.202403111256/tools/bin/../lib/gcc/arm-none-eabi/12.3.1/thumb/v7e-m+fp/hard\libgcc.a

.debug_info     0x00000000     0xc238
 .debug_info    0x00000000     0x1384 ./Core/Src/main.o
 .debug_info    0x00001384      0xda6 ./Core/Src/stm32g4xx_hal_msp.o
 .debug_info    0x0000212a      0x14c ./Core/Src/stm32g4xx_it.o
 .debug_info    0x00002276      0x58e ./Core/Src/system_stm32g4xx.o
 .debug_info    0x00002804       0x30 ./Core/Startup/startup_stm32g474retx.o
 .debug_info    0x00002834      0xb95 ./Drivers/STM32G4xx_HAL_Driver/Src/stm32g4xx_hal.o
 .debug_info    0x000033c9      0xdad ./Drivers/STM32G4xx_HAL_Driver/Src/stm32g4xx_hal_cortex.o
 .debug_info    0x00004176      0x763 ./Drivers/STM32G4xx_HAL_Driver/Src/stm32g4xx_hal_gpio.o
 .debug_info    0x000048d9      0x93f ./Drivers/STM32G4xx_HAL_Driver/Src/stm32g4xx_hal_pwr_ex.o
 .debug_info    0x00005218      0xbe0 ./Drivers/STM32G4xx_HAL_Driver/Src/stm32g4xx_hal_rcc.o
 .debug_info    0x00005df8      0xc45 ./Drivers/STM32G4xx_HAL_Driver/Src/stm32g4xx_hal_rcc_ex.o
 .debug_info    0x00006a3d     0x481e ./Drivers/STM32G4xx_HAL_Driver/Src/stm32g4xx_hal_uart.o
 .debug_info    0x0000b25b      0xfdd ./Drivers/STM32G4xx_HAL_Driver/Src/stm32g4xx_hal_uart_ex.o

.debug_abbrev   0x00000000     0x1b0e
 .debug_abbrev  0x00000000      0x2d1 ./Core/Src/main.o
 .debug_abbrev  0x000002d1      0x1e4 ./Core/Src/stm32g4xx_hal_msp.o
 .debug_abbrev  0x000004b5       0xa0 ./Core/Src/stm32g4xx_it.o
 .debug_abbrev  0x00000555      0x11a ./Core/Src/system_stm32g4xx.o
 .debug_abbrev  0x0000066f       0x24 ./Core/Startup/startup_stm32g474retx.o
 .debug_abbrev  0x00000693      0x271 ./Drivers/STM32G4xx_HAL_Driver/Src/stm32g4xx_hal.o
 .debug_abbrev  0x00000904      0x31c ./Drivers/STM32G4xx_HAL_Driver/Src/stm32g4xx_hal_cortex.o
 .debug_abbrev  0x00000c20      0x1cb ./Drivers/STM32G4xx_HAL_Driver/Src/stm32g4xx_hal_gpio.o
 .debug_abbrev  0x00000deb      0x22c ./Drivers/STM32G4xx_HAL_Driver/Src/stm32g4xx_hal_pwr_ex.o
 .debug_abbrev  0x00001017      0x2c9 ./Drivers/STM32G4xx_HAL_Driver/Src/stm32g4xx_hal_rcc.o
 .debug_abbrev  0x000012e0      0x258 ./Drivers/STM32G4xx_HAL_Driver/Src/stm32g4xx_hal_rcc_ex.o
 .debug_abbrev  0x00001538      0x304 ./Drivers/STM32G4xx_HAL_Driver/Src/stm32g4xx_hal_uart.o
 .debug_abbrev  0x0000183c      0x2d2 ./Drivers/STM32G4xx_HAL_Driver/Src/stm32g4xx_hal_uart_ex.o

.debug_aranges  0x00000000      0x978
 .debug_aranges
                0x00000000       0x60 ./Core/Src/main.o
 .debug_aranges
                0x00000060       0x30 ./Core/Src/stm32g4xx_hal_msp.o
 .debug_aranges
                0x00000090       0x68 ./Core/Src/stm32g4xx_it.o
 .debug_aranges
                0x000000f8       0x28 ./Core/Src/system_stm32g4xx.o
 .debug_aranges
                0x00000120       0x28 ./Core/Startup/startup_stm32g474retx.o
 .debug_aranges
                0x00000148      0x148 ./Drivers/STM32G4xx_HAL_Driver/Src/stm32g4xx_hal.o
 .debug_aranges
                0x00000290      0x118 ./Drivers/STM32G4xx_HAL_Driver/Src/stm32g4xx_hal_cortex.o
 .debug_aranges
                0x000003a8       0x58 ./Drivers/STM32G4xx_HAL_Driver/Src/stm32g4xx_hal_gpio.o
 .debug_aranges
                0x00000400      0x140 ./Drivers/STM32G4xx_HAL_Driver/Src/stm32g4xx_hal_pwr_ex.o
 .debug_aranges
                0x00000540       0x98 ./Drivers/STM32G4xx_HAL_Driver/Src/stm32g4xx_hal_rcc.o
 .debug_aranges
                0x000005d8       0xb0 ./Drivers/STM32G4xx_HAL_Driver/Src/stm32g4xx_hal_rcc_ex.o
 .debug_aranges
                0x00000688      0x248 ./Drivers/STM32G4xx_HAL_Driver/Src/stm32g4xx_hal_uart.o
 .debug_aranges
                0x000008d0       0xa8 ./Drivers/STM32G4xx_HAL_Driver/Src/stm32g4xx_hal_uart_ex.o

.debug_rnglists
                0x00000000      0x749
 .debug_rnglists
                0x00000000       0x4a ./Core/Src/main.o
 .debug_rnglists
                0x0000004a       0x20 ./Core/Src/stm32g4xx_hal_msp.o
 .debug_rnglists
                0x0000006a       0x49 ./Core/Src/stm32g4xx_it.o
 .debug_rnglists
                0x000000b3       0x1a ./Core/Src/system_stm32g4xx.o
 .debug_rnglists
                0x000000cd       0x19 ./Core/Startup/startup_stm32g474retx.o
 .debug_rnglists
                0x000000e6       0xf1 ./Drivers/STM32G4xx_HAL_Driver/Src/stm32g4xx_hal.o
 .debug_rnglists
                0x000001d7       0xce ./Drivers/STM32G4xx_HAL_Driver/Src/stm32g4xx_hal_cortex.o
 .debug_rnglists
                0x000002a5       0x3f ./Drivers/STM32G4xx_HAL_Driver/Src/stm32g4xx_hal_gpio.o
 .debug_rnglists
                0x000002e4       0xf1 ./Drivers/STM32G4xx_HAL_Driver/Src/stm32g4xx_hal_pwr_ex.o
 .debug_rnglists
                0x000003d5       0x74 ./Drivers/STM32G4xx_HAL_Driver/Src/stm32g4xx_hal_rcc.o
 .debug_rnglists
                0x00000449       0x87 ./Drivers/STM32G4xx_HAL_Driver/Src/stm32g4xx_hal_rcc_ex.o
 .debug_rnglists
                0x000004d0      0x1fa ./Drivers/STM32G4xx_HAL_Driver/Src/stm32g4xx_hal_uart.o
 .debug_rnglists
                0x000006ca       0x7f ./Drivers/STM32G4xx_HAL_Driver/Src/stm32g4xx_hal_uart_ex.o

.debug_macro    0x00000000    0x23edb
 .debug_macro   0x00000000      0x1c9 ./Core/Src/main.o
 .debug_macro   0x000001c9      0xab4 ./Core/Src/main.o
 .debug_macro   0x00000c7d      0x155 ./Core/Src/main.o
 .debug_macro   0x00000dd2       0x2e ./Core/Src/main.o
 .debug_macro   0x00000e00       0x28 ./Core/Src/main.o
 .debug_macro   0x00000e28       0x22 ./Core/Src/main.o
 .debug_macro   0x00000e4a       0x8e ./Core/Src/main.o
 .debug_macro   0x00000ed8       0x51 ./Core/Src/main.o
 .debug_macro   0x00000f29      0x103 ./Core/Src/main.o
 .debug_macro   0x0000102c       0x6a ./Core/Src/main.o
 .debug_macro   0x00001096      0x1df ./Core/Src/main.o
 .debug_macro   0x00001275       0x1c ./Core/Src/main.o
 .debug_macro   0x00001291       0x22 ./Core/Src/main.o
 .debug_macro   0x000012b3       0xfb ./Core/Src/main.o
 .debug_macro   0x000013ae     0x1011 ./Core/Src/main.o
 .debug_macro   0x000023bf      0x11f ./Core/Src/main.o
 .debug_macro   0x000024de    0x18b45 ./Core/Src/main.o
 .debug_macro   0x0001b023       0x6d ./Core/Src/main.o
 .debug_macro   0x0001b090     0x354d ./Core/Src/main.o
 .debug_macro   0x0001e5dd      0x189 ./Core/Src/main.o
 .debug_macro   0x0001e766       0x5c ./Core/Src/main.o
 .debug_macro   0x0001e7c2     0x171f ./Core/Src/main.o
 .debug_macro   0x0001fee1      0x600 ./Core/Src/main.o
 .debug_macro   0x000204e1      0x1b6 ./Core/Src/main.o
 .debug_macro   0x00020697      0x34a ./Core/Src/main.o
 .debug_macro   0x000209e1      0x53c ./Core/Src/main.o
 .debug_macro   0x00020f1d      0x18b ./Core/Src/main.o
 .debug_macro   0x000210a8       0x43 ./Core/Src/main.o
 .debug_macro   0x000210eb      0x23d ./Core/Src/main.o
 .debug_macro   0x00021328      0x211 ./Core/Src/main.o
 .debug_macro   0x00021539      0x45c ./Core/Src/main.o
 .debug_macro   0x00021995      0x11c ./Core/Src/main.o
 .debug_macro   0x00021ab1      0x122 ./Core/Src/main.o
 .debug_macro   0x00021bd3      0x3d1 ./Core/Src/main.o
 .debug_macro   0x00021fa4      0x693 ./Core/Src/main.o
 .debug_macro   0x00022637       0xa6 ./Core/Src/main.o
 .debug_macro   0x000226dd      0x358 ./Core/Src/main.o
 .debug_macro   0x00022a35       0x5e ./Core/Src/main.o
 .debug_macro   0x00022a93      0x1c9 ./Core/Src/stm32g4xx_hal_msp.o
 .debug_macro   0x00022c5c      0x1d3 ./Core/Src/stm32g4xx_it.o
 .debug_macro   0x00022e2f      0x1ba ./Core/Src/system_stm32g4xx.o
 .debug_macro   0x00022fe9      0x208 ./Drivers/STM32G4xx_HAL_Driver/Src/stm32g4xx_hal.o
 .debug_macro   0x000231f1      0x1ba ./Drivers/STM32G4xx_HAL_Driver/Src/stm32g4xx_hal_cortex.o
 .debug_macro   0x000233ab      0x1c1 ./Drivers/STM32G4xx_HAL_Driver/Src/stm32g4xx_hal_gpio.o
 .debug_macro   0x0002356c      0x1e4 ./Drivers/STM32G4xx_HAL_Driver/Src/stm32g4xx_hal_pwr_ex.o
 .debug_macro   0x00023750      0x1fc ./Drivers/STM32G4xx_HAL_Driver/Src/stm32g4xx_hal_rcc.o
 .debug_macro   0x0002394c      0x1e4 ./Drivers/STM32G4xx_HAL_Driver/Src/stm32g4xx_hal_rcc_ex.o
 .debug_macro   0x00023b30      0x1e5 ./Drivers/STM32G4xx_HAL_Driver/Src/stm32g4xx_hal_uart.o
 .debug_macro   0x00023d15      0x1c6 ./Drivers/STM32G4xx_HAL_Driver/Src/stm32g4xx_hal_uart_ex.o

.debug_line     0x00000000     0xbbb5
 .debug_line    0x00000000      0x9fc ./Core/Src/main.o
 .debug_line    0x000009fc      0x7b5 ./Core/Src/stm32g4xx_hal_msp.o
 .debug_line    0x000011b1      0x7ef ./Core/Src/stm32g4xx_it.o
 .debug_line    0x000019a0      0x781 ./Core/Src/system_stm32g4xx.o
 .debug_line    0x00002121       0x7b ./Core/Startup/startup_stm32g474retx.o
 .debug_line    0x0000219c      0xb3d ./Drivers/STM32G4xx_HAL_Driver/Src/stm32g4xx_hal.o
 .debug_line    0x00002cd9      0xca6 ./Drivers/STM32G4xx_HAL_Driver/Src/stm32g4xx_hal_cortex.o
 .debug_line    0x0000397f      0xb56 ./Drivers/STM32G4xx_HAL_Driver/Src/stm32g4xx_hal_gpio.o
 .debug_line    0x000044d5      0xcac ./Drivers/STM32G4xx_HAL_Driver/Src/stm32g4xx_hal_pwr_ex.o
 .debug_line    0x00005181      0xf08 ./Drivers/STM32G4xx_HAL_Driver/Src/stm32g4xx_hal_rcc.o
 .debug_line    0x00006089     0x1218 ./Drivers/STM32G4xx_HAL_Driver/Src/stm32g4xx_hal_rcc_ex.o
 .debug_line    0x000072a1     0x3bb1 ./Drivers/STM32G4xx_HAL_Driver/Src/stm32g4xx_hal_uart.o
 .debug_line    0x0000ae52      0xd63 ./Drivers/STM32G4xx_HAL_Driver/Src/stm32g4xx_hal_uart_ex.o

.debug_str      0x00000000    0xe5920
 .debug_str     0x00000000    0xe307a ./Core/Src/main.o
                              0xe33a7 (size before relaxing)
 .debug_str     0x000e307a      0x266 ./Core/Src/stm32g4xx_hal_msp.o
                              0xe2c4b (size before relaxing)
 .debug_str     0x000e32e0       0xf7 ./Core/Src/stm32g4xx_it.o
                              0xe235c (size before relaxing)
 .debug_str     0x000e33d7       0xdb ./Core/Src/system_stm32g4xx.o
                              0xe233c (size before relaxing)
 .debug_str     0x000e34b2       0x44 ./Core/Startup/startup_stm32g474retx.o
                                 0x7d (size before relaxing)
 .debug_str     0x000e34f6      0x5d7 ./Drivers/STM32G4xx_HAL_Driver/Src/stm32g4xx_hal.o
                              0xe304e (size before relaxing)
 .debug_str     0x000e3acd      0x331 ./Drivers/STM32G4xx_HAL_Driver/Src/stm32g4xx_hal_cortex.o
                              0xe2cd2 (size before relaxing)
 .debug_str     0x000e3dfe       0xf9 ./Drivers/STM32G4xx_HAL_Driver/Src/stm32g4xx_hal_gpio.o
                              0xe24c7 (size before relaxing)
 .debug_str     0x000e3ef7      0x4a5 ./Drivers/STM32G4xx_HAL_Driver/Src/stm32g4xx_hal_pwr_ex.o
                              0xe282a (size before relaxing)
 .debug_str     0x000e439c      0x506 ./Drivers/STM32G4xx_HAL_Driver/Src/stm32g4xx_hal_rcc.o
                              0xe2a5b (size before relaxing)
 .debug_str     0x000e48a2      0x414 ./Drivers/STM32G4xx_HAL_Driver/Src/stm32g4xx_hal_rcc_ex.o
                              0xe2a85 (size before relaxing)
 .debug_str     0x000e4cb6      0x9ff ./Drivers/STM32G4xx_HAL_Driver/Src/stm32g4xx_hal_uart.o
                              0xe32f7 (size before relaxing)
 .debug_str     0x000e56b5      0x26b ./Drivers/STM32G4xx_HAL_Driver/Src/stm32g4xx_hal_uart_ex.o
                              0xe2af5 (size before relaxing)

.comment        0x00000000       0x43
 .comment       0x00000000       0x43 ./Core/Src/main.o
                                 0x44 (size before relaxing)
 .comment       0x00000043       0x44 ./Core/Src/stm32g4xx_hal_msp.o
 .comment       0x00000043       0x44 ./Core/Src/stm32g4xx_it.o
 .comment       0x00000043       0x44 ./Core/Src/system_stm32g4xx.o
 .comment       0x00000043       0x44 ./Drivers/STM32G4xx_HAL_Driver/Src/stm32g4xx_hal.o
 .comment       0x00000043       0x44 ./Drivers/STM32G4xx_HAL_Driver/Src/stm32g4xx_hal_cortex.o
 .comment       0x00000043       0x44 ./Drivers/STM32G4xx_HAL_Driver/Src/stm32g4xx_hal_gpio.o
 .comment       0x00000043       0x44 ./Drivers/STM32G4xx_HAL_Driver/Src/stm32g4xx_hal_pwr_ex.o
 .comment       0x00000043       0x44 ./Drivers/STM32G4xx_HAL_Driver/Src/stm32g4xx_hal_rcc.o
 .comment       0x00000043       0x44 ./Drivers/STM32G4xx_HAL_Driver/Src/stm32g4xx_hal_rcc_ex.o
 .comment       0x00000043       0x44 ./Drivers/STM32G4xx_HAL_Driver/Src/stm32g4xx_hal_uart.o
 .comment       0x00000043       0x44 ./Drivers/STM32G4xx_HAL_Driver/Src/stm32g4xx_hal_uart_ex.o

.debug_frame    0x00000000     0x25e4
 .debug_frame   0x00000000      0x124 ./Core/Src/main.o
 .debug_frame   0x00000124       0x80 ./Core/Src/stm32g4xx_hal_msp.o
 .debug_frame   0x000001a4      0x120 ./Core/Src/stm32g4xx_it.o
 .debug_frame   0x000002c4       0x58 ./Core/Src/system_stm32g4xx.o
 .debug_frame   0x0000031c      0x500 ./Drivers/STM32G4xx_HAL_Driver/Src/stm32g4xx_hal.o
 .debug_frame   0x0000081c      0x498 ./Drivers/STM32G4xx_HAL_Driver/Src/stm32g4xx_hal_cortex.o
 .debug_frame   0x00000cb4      0x14c ./Drivers/STM32G4xx_HAL_Driver/Src/stm32g4xx_hal_gpio.o
 .debug_frame   0x00000e00      0x4fc ./Drivers/STM32G4xx_HAL_Driver/Src/stm32g4xx_hal_pwr_ex.o
 .debug_frame   0x000012fc      0x23c ./Drivers/STM32G4xx_HAL_Driver/Src/stm32g4xx_hal_rcc.o
 .debug_frame   0x00001538      0x2ac ./Drivers/STM32G4xx_HAL_Driver/Src/stm32g4xx_hal_rcc_ex.o
 .debug_frame   0x000017e4      0xa94 ./Drivers/STM32G4xx_HAL_Driver/Src/stm32g4xx_hal_uart.o
 .debug_frame   0x00002278      0x2c0 ./Drivers/STM32G4xx_HAL_Driver/Src/stm32g4xx_hal_uart_ex.o
 .debug_frame   0x00002538       0x20 C:/Users/work/year2/Digital_Elec/STM32CubeIDE_1.13.2/STM32CubeIDE/plugins/com.st.stm32cube.ide.mcu.externaltools.gnu-tools-for-stm32.12.3.rel1.win32_1.0.100.202403111256/tools/bin/../lib/gcc/arm-none-eabi/12.3.1/../../../../arm-none-eabi/lib/thumb/v7e-m+fp/hard\libc_nano.a(libc_a-memset.o)
 .debug_frame   0x00002558       0x2c C:/Users/work/year2/Digital_Elec/STM32CubeIDE_1.13.2/STM32CubeIDE/plugins/com.st.stm32cube.ide.mcu.externaltools.gnu-tools-for-stm32.12.3.rel1.win32_1.0.100.202403111256/tools/bin/../lib/gcc/arm-none-eabi/12.3.1/../../../../arm-none-eabi/lib/thumb/v7e-m+fp/hard\libc_nano.a(libc_a-init.o)
 .debug_frame   0x00002584       0x2c C:/Users/work/year2/Digital_Elec/STM32CubeIDE_1.13.2/STM32CubeIDE/plugins/com.st.stm32cube.ide.mcu.externaltools.gnu-tools-for-stm32.12.3.rel1.win32_1.0.100.202403111256/tools/bin/../lib/gcc/arm-none-eabi/12.3.1/thumb/v7e-m+fp/hard\libgcc.a(_aeabi_uldivmod.o)
 .debug_frame   0x000025b0       0x34 C:/Users/work/year2/Digital_Elec/STM32CubeIDE_1.13.2/STM32CubeIDE/plugins/com.st.stm32cube.ide.mcu.externaltools.gnu-tools-for-stm32.12.3.rel1.win32_1.0.100.202403111256/tools/bin/../lib/gcc/arm-none-eabi/12.3.1/thumb/v7e-m+fp/hard\libgcc.a(_udivmoddi4.o)

.debug_line_str
                0x00000000       0x61
 .debug_line_str
                0x00000000       0x61 ./Core/Startup/startup_stm32g474retx.o
