../Core/Src/main.c:111:5:main	8	static
../Core/Src/main.c:193:6:SystemClock_Config	88	static
../Core/Src/main.c:240:13:MX_LPUART1_UART_Init	8	static
../Core/Src/main.c:287:13:MX_USART1_UART_Init	8	static
../Core/Src/main.c:333:13:MX_DMA_Init	16	static
../Core/Src/main.c:352:13:MX_GPIO_Init	48	static
../Core/Src/main.c:427:6:ButtonMatrixRead	16	static
../Core/Src/main.c:447:6:Numarray	4	static
../Core/Src/main.c:502:6:sendUART	8	static
../Core/Src/main.c:522:6:rx_UART	8	static
../Core/Src/main.c:565:6:start_gen	8	static
../Core/Src/main.c:569:10:random_number	16	static
../Core/Src/main.c:580:6:Error_Handler	4	static,ignoring_inline_asm
